[21Aug.2026 23:00:56.200] [Test worker/DEBUG] [io.netty.util.internal.logging.InternalLoggerFactory/]: Using SLF4J as the default logging framework
[21Aug.2026 23:00:56.208] [Test worker/DEBUG] [io.netty.util.ResourceLeakDetector/]: -Dio.netty.leakDetection.level: simple
[21Aug.2026 23:00:56.208] [Test worker/DEBUG] [io.netty.util.ResourceLeakDetector/]: -Dio.netty.leakDetection.targetRecords: 4
[21Aug.2026 23:00:56.223] [Test worker/DEBUG] [io.netty.util.internal.PlatformDependent0/]: -Dio.netty.noUnsafe: false
[21Aug.2026 23:00:56.224] [Test worker/DEBUG] [io.netty.util.internal.PlatformDependent0/]: Java version: 21
[21Aug.2026 23:00:56.225] [Test worker/DEBUG] [io.netty.util.internal.PlatformDependent0/]: sun.misc.Unsafe.theUnsafe: available
[21Aug.2026 23:00:56.225] [Test worker/DEBUG] [io.netty.util.internal.PlatformDependent0/]: sun.misc.Unsafe.copyMemory: available
[21Aug.2026 23:00:56.226] [Test worker/DEBUG] [io.netty.util.internal.PlatformDependent0/]: sun.misc.Unsafe.storeFence: available
[21Aug.2026 23:00:56.226] [Test worker/DEBUG] [io.netty.util.internal.PlatformDependent0/]: java.nio.Buffer.address: available
[21Aug.2026 23:00:56.227] [Test worker/DEBUG] [io.netty.util.internal.PlatformDependent0/]: java.nio.Bits.unaligned: available, true
[21Aug.2026 23:00:56.228] [Test worker/DEBUG] [io.netty.util.internal.PlatformDependent0/]: java.nio.DirectByteBuffer.<init>(long, {int,long}): unavailable
[21Aug.2026 23:00:56.228] [Test worker/DEBUG] [io.netty.util.internal.PlatformDependent/]: sun.misc.Unsafe: available
[21Aug.2026 23:00:56.229] [Test worker/DEBUG] [io.netty.util.internal.PlatformDependent/]: maxDirectMemory: 536870912 bytes (maybe)
[21Aug.2026 23:00:56.229] [Test worker/DEBUG] [io.netty.util.internal.PlatformDependent/]: -Dio.netty.tmpdir: C:\Users\Till\AppData\Local\Temp (java.io.tmpdir)
[21Aug.2026 23:00:56.229] [Test worker/DEBUG] [io.netty.util.internal.PlatformDependent/]: -Dio.netty.bitMode: 64 (sun.arch.data.model)
[21Aug.2026 23:00:56.229] [Test worker/DEBUG] [io.netty.util.internal.PlatformDependent/]: Platform: Windows
[21Aug.2026 23:00:56.230] [Test worker/DEBUG] [io.netty.util.internal.PlatformDependent/]: -Dio.netty.maxDirectMemory: -1 bytes
[21Aug.2026 23:00:56.230] [Test worker/DEBUG] [io.netty.util.internal.PlatformDependent/]: -Dio.netty.uninitializedArrayAllocationThreshold: -1
[21Aug.2026 23:00:56.231] [Test worker/DEBUG] [io.netty.util.internal.CleanerJava9/]: java.nio.ByteBuffer.cleaner(): available
[21Aug.2026 23:00:56.231] [Test worker/DEBUG] [io.netty.util.internal.PlatformDependent/]: -Dio.netty.noPreferDirect: false
[21Aug.2026 23:00:56.236] [Test worker/DEBUG] [io.netty.buffer.AbstractByteBuf/]: -Dio.netty.buffer.checkAccessible: true
[21Aug.2026 23:00:56.237] [Test worker/DEBUG] [io.netty.buffer.AbstractByteBuf/]: -Dio.netty.buffer.checkBounds: true
[21Aug.2026 23:00:56.237] [Test worker/DEBUG] [io.netty.util.ResourceLeakDetectorFactory/]: Loaded default ResourceLeakDetector: io.netty.util.ResourceLeakDetector@4eb30d44
[21Aug.2026 23:00:56.242] [Test worker/DEBUG] [io.netty.util.internal.InternalThreadLocalMap/]: -Dio.netty.threadLocalMap.stringBuilder.initialSize: 1024
[21Aug.2026 23:00:56.242] [Test worker/DEBUG] [io.netty.util.internal.InternalThreadLocalMap/]: -Dio.netty.threadLocalMap.stringBuilder.maxSize: 4096
[21Aug.2026 23:00:56.243] [Test worker/DEBUG] [io.netty.buffer.PooledByteBufAllocator/]: -Dio.netty.allocator.numHeapArenas: 21
[21Aug.2026 23:00:56.243] [Test worker/DEBUG] [io.netty.buffer.PooledByteBufAllocator/]: -Dio.netty.allocator.numDirectArenas: 21
[21Aug.2026 23:00:56.244] [Test worker/DEBUG] [io.netty.buffer.PooledByteBufAllocator/]: -Dio.netty.allocator.pageSize: 8192
[21Aug.2026 23:00:56.244] [Test worker/DEBUG] [io.netty.buffer.PooledByteBufAllocator/]: -Dio.netty.allocator.maxOrder: 9
[21Aug.2026 23:00:56.244] [Test worker/DEBUG] [io.netty.buffer.PooledByteBufAllocator/]: -Dio.netty.allocator.chunkSize: 4194304
[21Aug.2026 23:00:56.244] [Test worker/DEBUG] [io.netty.buffer.PooledByteBufAllocator/]: -Dio.netty.allocator.smallCacheSize: 256
[21Aug.2026 23:00:56.244] [Test worker/DEBUG] [io.netty.buffer.PooledByteBufAllocator/]: -Dio.netty.allocator.normalCacheSize: 64
[21Aug.2026 23:00:56.244] [Test worker/DEBUG] [io.netty.buffer.PooledByteBufAllocator/]: -Dio.netty.allocator.maxCachedBufferCapacity: 32768
[21Aug.2026 23:00:56.244] [Test worker/DEBUG] [io.netty.buffer.PooledByteBufAllocator/]: -Dio.netty.allocator.cacheTrimInterval: 8192
[21Aug.2026 23:00:56.244] [Test worker/DEBUG] [io.netty.buffer.PooledByteBufAllocator/]: -Dio.netty.allocator.cacheTrimIntervalMillis: 0
[21Aug.2026 23:00:56.244] [Test worker/DEBUG] [io.netty.buffer.PooledByteBufAllocator/]: -Dio.netty.allocator.useCacheForAllThreads: false
[21Aug.2026 23:00:56.244] [Test worker/DEBUG] [io.netty.buffer.PooledByteBufAllocator/]: -Dio.netty.allocator.maxCachedByteBuffersPerChunk: 1023
[21Aug.2026 23:00:56.251] [Test worker/DEBUG] [io.netty.buffer.ByteBufUtil/]: -Dio.netty.allocator.type: pooled
[21Aug.2026 23:00:56.251] [Test worker/DEBUG] [io.netty.buffer.ByteBufUtil/]: -Dio.netty.threadLocalDirectBufferSize: 0
[21Aug.2026 23:00:56.251] [Test worker/DEBUG] [io.netty.buffer.ByteBufUtil/]: -Dio.netty.maxThreadLocalCharBufferSize: 16384
[21Aug.2026 23:01:02.060] [Test worker/INFO] [com.peaceman.alpha.helper.ShieldLifecycleLogger/]: [Alpha-Engine]  [SHIELD-STATE] Schild-Status fuer Schiff '3f9bc0e8-62aa-4f16-b343-1de3f7da7f0f' umgeschaltet -> isShieldActive: false. Broadcast StateSync.
[21Aug.2026 23:01:02.061] [Test worker/INFO] [com.peaceman.alpha.helper.ShieldLifecycleLogger/]: [Alpha-Engine]  [SHIELD-STATE] Schild-Status fuer Schiff '3f9bc0e8-62aa-4f16-b343-1de3f7da7f0f' umgeschaltet -> isShieldActive: false. Broadcast StateSync.
[21Aug.2026 23:01:02.061] [Test worker/INFO] [com.peaceman.alpha.helper.ShieldLifecycleLogger/]: [Alpha-Engine]  [SHIELD-STATE] Schild-Status fuer Schiff '3f9bc0e8-62aa-4f16-b343-1de3f7da7f0f' umgeschaltet -> isShieldActive: true. Broadcast StateSync.
